// Jest Snapshot v1, https://goo.gl/fbAQLP

exports[`App Rendering components renders correctly 1`] = `
ShallowWrapper {
  "length": 1,
  Symbol(enzyme.__root__): [Circular],
  Symbol(enzyme.__unrendered__): <App />,
  Symbol(enzyme.__renderer__): Object {
    "batchedUpdates": [Function],
    "getNode": [Function],
    "render": [Function],
    "simulateEvent": [Function],
    "unmount": [Function],
  },
  Symbol(enzyme.__node__): Object {
    "instance": null,
    "key": undefined,
    "nodeType": "host",
    "props": Object {
      "children": Array [
        <Picture
          alt="SpareRoom Logo"
          picture="logo.png"
/>,
        <Toolbar
          className2="eventsToolbarClicked"
          eventHandler={[Function]}
          tab1="Home"
          tab2="Events"
          width="19%"
/>,
        <div
          style={
                    Object {
                              "marginTop": "10px",
                              "verticalAlign": "bottom",
                            }
          }
/>,
        <div />,
      ],
    },
    "ref": null,
    "rendered": Array [
      Object {
        "instance": null,
        "key": undefined,
        "nodeType": "function",
        "props": Object {
          "alt": "SpareRoom Logo",
          "picture": "logo.png",
        },
        "ref": null,
        "rendered": null,
        "type": [Function],
      },
      Object {
        "instance": null,
        "key": undefined,
        "nodeType": "function",
        "props": Object {
          "className2": "eventsToolbarClicked",
          "eventHandler": [Function],
          "tab1": "Home",
          "tab2": "Events",
          "width": "19%",
        },
        "ref": null,
        "rendered": null,
        "type": [Function],
      },
      Object {
        "instance": null,
        "key": undefined,
        "nodeType": "host",
        "props": Object {
          "children": null,
          "style": Object {
            "marginTop": "10px",
            "verticalAlign": "bottom",
          },
        },
        "ref": null,
        "rendered": null,
        "type": "div",
      },
      Object {
        "instance": null,
        "key": undefined,
        "nodeType": "host",
        "props": Object {
          "children": null,
        },
        "ref": null,
        "rendered": null,
        "type": "div",
      },
    ],
    "type": "div",
  },
  Symbol(enzyme.__nodes__): Array [
    Object {
      "instance": null,
      "key": undefined,
      "nodeType": "host",
      "props": Object {
        "children": Array [
          <Picture
            alt="SpareRoom Logo"
            picture="logo.png"
/>,
          <Toolbar
            className2="eventsToolbarClicked"
            eventHandler={[Function]}
            tab1="Home"
            tab2="Events"
            width="19%"
/>,
          <div
            style={
                        Object {
                                    "marginTop": "10px",
                                    "verticalAlign": "bottom",
                                  }
            }
/>,
          <div />,
        ],
      },
      "ref": null,
      "rendered": Array [
        Object {
          "instance": null,
          "key": undefined,
          "nodeType": "function",
          "props": Object {
            "alt": "SpareRoom Logo",
            "picture": "logo.png",
          },
          "ref": null,
          "rendered": null,
          "type": [Function],
        },
        Object {
          "instance": null,
          "key": undefined,
          "nodeType": "function",
          "props": Object {
            "className2": "eventsToolbarClicked",
            "eventHandler": [Function],
            "tab1": "Home",
            "tab2": "Events",
            "width": "19%",
          },
          "ref": null,
          "rendered": null,
          "type": [Function],
        },
        Object {
          "instance": null,
          "key": undefined,
          "nodeType": "host",
          "props": Object {
            "children": null,
            "style": Object {
              "marginTop": "10px",
              "verticalAlign": "bottom",
            },
          },
          "ref": null,
          "rendered": null,
          "type": "div",
        },
        Object {
          "instance": null,
          "key": undefined,
          "nodeType": "host",
          "props": Object {
            "children": null,
          },
          "ref": null,
          "rendered": null,
          "type": "div",
        },
      ],
      "type": "div",
    },
  ],
  Symbol(enzyme.__options__): Object {
    "adapter": ReactSixteenAdapter {
      "options": Object {
        "enableComponentDidUpdateOnSetState": true,
      },
    },
    "disableLifecycleMethods": true,
  },
}
`;
